{
  "action_name": "/foo",
  "apiv": "1",
  "cip": "testserver",
  "cvar": "{\"http_status_code\": 200, \"http_method\": \"GET\"}",
  "gt_ms": "float",
  "idsite": "1",
  "rand": "int",
  "rec": "1",
  "send_image": "0",
  "token_auth": "FAKE-TOKEN",
  "ua": "b'python-httpx/0.28.1'",
  "url": "https://testserver/foo"
}
