{
  "action_name": "/set/custom/var",
  "apiv": 1,
  "cvar": "{\"http_status_code\": 200, \"http_method\": \"GET\", \"anything\": \"goes\"}",
  "e_a": "Playing",
  "gt_ms": "float",
  "idsite": 1,
  "pf_srv": "float",
  "rand": "int",
  "rec": 1,
  "send_image": 0,
  "ua": "b'python-httpx/0.28.1'",
  "url": "https://testserver/set/custom/var"
}
