{
  "action_name": "/bar2",
  "apiv": "1",
  "ca": 1,
  "cra": "RuntimeError('raised from bar2')",
  "cvar": "{\"http_status_code\": 500, \"http_method\": \"GET\"}",
  "gt_ms": "float",
  "idsite": "1",
  "rand": "int",
  "rec": "1",
  "send_image": "0",
  "ua": "b'python-httpx/0.28.1'",
  "url": "https://testserver/bar2"
}
